Archive member included because of file (symbol)

c:/program files (x86)/atmel/atmel toolchain/avr8 gcc/native/3.4.1056/avr8-gnu-toolchain/bin/../lib/gcc/avr/4.8.1/avrxmega6\libgcc.a(_exit.o)
                              c:/program files (x86)/atmel/atmel toolchain/avr8 gcc/native/3.4.1056/avr8-gnu-toolchain/bin/../lib/gcc/avr/4.8.1/../../../../avr/lib/avrxmega6/crtx256a3b.o (exit)
c:/program files (x86)/atmel/atmel toolchain/avr8 gcc/native/3.4.1056/avr8-gnu-toolchain/bin/../lib/gcc/avr/4.8.1/avrxmega6\libgcc.a(_copy_data.o)
                              fingerprintlock.o (__do_copy_data)
c:/program files (x86)/atmel/atmel toolchain/avr8 gcc/native/3.4.1056/avr8-gnu-toolchain/bin/../lib/gcc/avr/4.8.1/avrxmega6\libgcc.a(_clear_bss.o)
                              fingerprintlock.o (__do_clear_bss)

Allocating common symbols
Common symbol       size              file

fp                  0x14              fingerprintlock.o
temp                0x1               fingerprintlock.o
aa                  0x1               fingerprintlock.o
dummy               0x1               fingerprintlock.o
en_byte             0x1               fingerprintlock.o
str                 0x4               fingerprintlock.o
rec                 0x1               fingerprintlock.o

Discarded input sections

 .bss           0x00000000        0x0 c:/program files (x86)/atmel/atmel toolchain/avr8 gcc/native/3.4.1056/avr8-gnu-toolchain/bin/../lib/gcc/avr/4.8.1/../../../../avr/lib/avrxmega6/crtx256a3b.o
 .text          0x00000000        0x0 fingerprintlock.o
 .bss           0x00000000        0x0 fingerprintlock.o
 .text.Set_Clk_32MHz
                0x00000000       0x20 fingerprintlock.o
 .text.send_string
                0x00000000       0x1e fingerprintlock.o
 .text.clearfp  0x00000000       0x18 fingerprintlock.o
 .bss.eeprom_add
                0x00000000        0x1 fingerprintlock.o
 .bss.cnt       0x00000000        0x1 fingerprintlock.o
 .bss.id2       0x00000000        0x1 fingerprintlock.o
 .bss.id1       0x00000000        0x1 fingerprintlock.o
 .data.identify
                0x00000000        0xc fingerprintlock.o
 .bss.s         0x00000000        0x1 fingerprintlock.o
 .bss.j         0x00000000        0x1 fingerprintlock.o
 .text          0x00000000        0x0 gfx_library/gfx_mono_c12832_a1z.o
 .bss           0x00000000        0x0 gfx_library/gfx_mono_c12832_a1z.o
 .text.gfx_mono_st7565r_get_pixel
                0x00000000       0x58 gfx_library/gfx_mono_c12832_a1z.o
 .text.gfx_mono_st7565r_put_page
                0x00000000      0x132 gfx_library/gfx_mono_c12832_a1z.o
 .text.gfx_mono_st7565r_put_framebuffer
                0x00000000       0xf2 gfx_library/gfx_mono_c12832_a1z.o
 .text.gfx_mono_st7565r_get_page
                0x00000000        0x6 gfx_library/gfx_mono_c12832_a1z.o
 .text.gfx_mono_st7565r_mask_byte
                0x00000000       0x40 gfx_library/gfx_mono_c12832_a1z.o
 .text          0x00000000        0x0 gfx_library/gfx_mono_framebuffer.o
 .bss           0x00000000        0x0 gfx_library/gfx_mono_framebuffer.o
 .text.gfx_mono_framebuffer_put_page
                0x00000000       0x26 gfx_library/gfx_mono_framebuffer.o
 .text.gfx_mono_framebuffer_get_page
                0x00000000       0x26 gfx_library/gfx_mono_framebuffer.o
 .text.gfx_mono_framebuffer_draw_pixel
                0x00000000       0x7e gfx_library/gfx_mono_framebuffer.o
 .text.gfx_mono_framebuffer_get_pixel
                0x00000000       0x58 gfx_library/gfx_mono_framebuffer.o
 .text.gfx_mono_framebuffer_mask_byte
                0x00000000       0x40 gfx_library/gfx_mono_framebuffer.o
 .text          0x00000000        0x0 gfx_library/gfx_mono_generic.o
 .bss           0x00000000        0x0 gfx_library/gfx_mono_generic.o
 .text.gfx_mono_generic_draw_vertical_line
                0x00000000       0xb6 gfx_library/gfx_mono_generic.o
 .text.gfx_mono_generic_draw_line
                0x00000000       0xd8 gfx_library/gfx_mono_generic.o
 .text.gfx_mono_generic_draw_rect
                0x00000000       0x50 gfx_library/gfx_mono_generic.o
 .text.gfx_mono_generic_draw_circle
                0x00000000      0x188 gfx_library/gfx_mono_generic.o
 .text.gfx_mono_generic_draw_filled_circle
                0x00000000      0x14a gfx_library/gfx_mono_generic.o
 .text.gfx_mono_generic_put_bitmap
                0x00000000       0xc0 gfx_library/gfx_mono_generic.o
 .text          0x00000000        0x0 gfx_library/gfx_mono_text.o
 .bss           0x00000000        0x0 gfx_library/gfx_mono_text.o
 .text.gfx_mono_draw_progmem_string
                0x00000000       0x5e gfx_library/gfx_mono_text.o
 .text.gfx_mono_get_string_bounding_box
                0x00000000       0x36 gfx_library/gfx_mono_text.o
 .text.gfx_mono_get_progmem_string_bounding_box
                0x00000000       0x4c gfx_library/gfx_mono_text.o
 .text          0x00000000        0x0 gfx_library/st7565r.o
 .bss           0x00000000        0x0 gfx_library/st7565r.o
 .text          0x00000000        0x0 gfx_library/sysfont.o
 .bss           0x00000000        0x0 gfx_library/sysfont.o
 .text          0x00000000        0x0 c:/program files (x86)/atmel/atmel toolchain/avr8 gcc/native/3.4.1056/avr8-gnu-toolchain/bin/../lib/gcc/avr/4.8.1/avrxmega6\libgcc.a(_exit.o)
 .bss           0x00000000        0x0 c:/program files (x86)/atmel/atmel toolchain/avr8 gcc/native/3.4.1056/avr8-gnu-toolchain/bin/../lib/gcc/avr/4.8.1/avrxmega6\libgcc.a(_exit.o)
 .text.libgcc.mul
                0x00000000        0x0 c:/program files (x86)/atmel/atmel toolchain/avr8 gcc/native/3.4.1056/avr8-gnu-toolchain/bin/../lib/gcc/avr/4.8.1/avrxmega6\libgcc.a(_exit.o)
 .text.libgcc.div
                0x00000000        0x0 c:/program files (x86)/atmel/atmel toolchain/avr8 gcc/native/3.4.1056/avr8-gnu-toolchain/bin/../lib/gcc/avr/4.8.1/avrxmega6\libgcc.a(_exit.o)
 .text.libgcc   0x00000000        0x0 c:/program files (x86)/atmel/atmel toolchain/avr8 gcc/native/3.4.1056/avr8-gnu-toolchain/bin/../lib/gcc/avr/4.8.1/avrxmega6\libgcc.a(_exit.o)
 .text.libgcc.prologue
                0x00000000        0x0 c:/program files (x86)/atmel/atmel toolchain/avr8 gcc/native/3.4.1056/avr8-gnu-toolchain/bin/../lib/gcc/avr/4.8.1/avrxmega6\libgcc.a(_exit.o)
 .text.libgcc.builtins
                0x00000000        0x0 c:/program files (x86)/atmel/atmel toolchain/avr8 gcc/native/3.4.1056/avr8-gnu-toolchain/bin/../lib/gcc/avr/4.8.1/avrxmega6\libgcc.a(_exit.o)
 .text.libgcc.fmul
                0x00000000        0x0 c:/program files (x86)/atmel/atmel toolchain/avr8 gcc/native/3.4.1056/avr8-gnu-toolchain/bin/../lib/gcc/avr/4.8.1/avrxmega6\libgcc.a(_exit.o)
 .text.libgcc.fixed
                0x00000000        0x0 c:/program files (x86)/atmel/atmel toolchain/avr8 gcc/native/3.4.1056/avr8-gnu-toolchain/bin/../lib/gcc/avr/4.8.1/avrxmega6\libgcc.a(_exit.o)
 .text          0x00000000        0x0 c:/program files (x86)/atmel/atmel toolchain/avr8 gcc/native/3.4.1056/avr8-gnu-toolchain/bin/../lib/gcc/avr/4.8.1/avrxmega6\libgcc.a(_copy_data.o)
 .bss           0x00000000        0x0 c:/program files (x86)/atmel/atmel toolchain/avr8 gcc/native/3.4.1056/avr8-gnu-toolchain/bin/../lib/gcc/avr/4.8.1/avrxmega6\libgcc.a(_copy_data.o)
 .text.libgcc.mul
                0x00000000        0x0 c:/program files (x86)/atmel/atmel toolchain/avr8 gcc/native/3.4.1056/avr8-gnu-toolchain/bin/../lib/gcc/avr/4.8.1/avrxmega6\libgcc.a(_copy_data.o)
 .text.libgcc.div
                0x00000000        0x0 c:/program files (x86)/atmel/atmel toolchain/avr8 gcc/native/3.4.1056/avr8-gnu-toolchain/bin/../lib/gcc/avr/4.8.1/avrxmega6\libgcc.a(_copy_data.o)
 .text.libgcc   0x00000000        0x0 c:/program files (x86)/atmel/atmel toolchain/avr8 gcc/native/3.4.1056/avr8-gnu-toolchain/bin/../lib/gcc/avr/4.8.1/avrxmega6\libgcc.a(_copy_data.o)
 .text.libgcc.prologue
                0x00000000        0x0 c:/program files (x86)/atmel/atmel toolchain/avr8 gcc/native/3.4.1056/avr8-gnu-toolchain/bin/../lib/gcc/avr/4.8.1/avrxmega6\libgcc.a(_copy_data.o)
 .text.libgcc.builtins
                0x00000000        0x0 c:/program files (x86)/atmel/atmel toolchain/avr8 gcc/native/3.4.1056/avr8-gnu-toolchain/bin/../lib/gcc/avr/4.8.1/avrxmega6\libgcc.a(_copy_data.o)
 .text.libgcc.fmul
                0x00000000        0x0 c:/program files (x86)/atmel/atmel toolchain/avr8 gcc/native/3.4.1056/avr8-gnu-toolchain/bin/../lib/gcc/avr/4.8.1/avrxmega6\libgcc.a(_copy_data.o)
 .text.libgcc.fixed
                0x00000000        0x0 c:/program files (x86)/atmel/atmel toolchain/avr8 gcc/native/3.4.1056/avr8-gnu-toolchain/bin/../lib/gcc/avr/4.8.1/avrxmega6\libgcc.a(_copy_data.o)
 .text          0x00000000        0x0 c:/program files (x86)/atmel/atmel toolchain/avr8 gcc/native/3.4.1056/avr8-gnu-toolchain/bin/../lib/gcc/avr/4.8.1/avrxmega6\libgcc.a(_clear_bss.o)
 .bss           0x00000000        0x0 c:/program files (x86)/atmel/atmel toolchain/avr8 gcc/native/3.4.1056/avr8-gnu-toolchain/bin/../lib/gcc/avr/4.8.1/avrxmega6\libgcc.a(_clear_bss.o)
 .text.libgcc.mul
                0x00000000        0x0 c:/program files (x86)/atmel/atmel toolchain/avr8 gcc/native/3.4.1056/avr8-gnu-toolchain/bin/../lib/gcc/avr/4.8.1/avrxmega6\libgcc.a(_clear_bss.o)
 .text.libgcc.div
                0x00000000        0x0 c:/program files (x86)/atmel/atmel toolchain/avr8 gcc/native/3.4.1056/avr8-gnu-toolchain/bin/../lib/gcc/avr/4.8.1/avrxmega6\libgcc.a(_clear_bss.o)
 .text.libgcc   0x00000000        0x0 c:/program files (x86)/atmel/atmel toolchain/avr8 gcc/native/3.4.1056/avr8-gnu-toolchain/bin/../lib/gcc/avr/4.8.1/avrxmega6\libgcc.a(_clear_bss.o)
 .text.libgcc.prologue
                0x00000000        0x0 c:/program files (x86)/atmel/atmel toolchain/avr8 gcc/native/3.4.1056/avr8-gnu-toolchain/bin/../lib/gcc/avr/4.8.1/avrxmega6\libgcc.a(_clear_bss.o)
 .text.libgcc.builtins
                0x00000000        0x0 c:/program files (x86)/atmel/atmel toolchain/avr8 gcc/native/3.4.1056/avr8-gnu-toolchain/bin/../lib/gcc/avr/4.8.1/avrxmega6\libgcc.a(_clear_bss.o)
 .text.libgcc.fmul
                0x00000000        0x0 c:/program files (x86)/atmel/atmel toolchain/avr8 gcc/native/3.4.1056/avr8-gnu-toolchain/bin/../lib/gcc/avr/4.8.1/avrxmega6\libgcc.a(_clear_bss.o)
 .text.libgcc.fixed
                0x00000000        0x0 c:/program files (x86)/atmel/atmel toolchain/avr8 gcc/native/3.4.1056/avr8-gnu-toolchain/bin/../lib/gcc/avr/4.8.1/avrxmega6\libgcc.a(_clear_bss.o)

Memory Configuration

Name             Origin             Length             Attributes
text             0x00000000         0x00100000         xr
data             0x00802000         0x0000ffa0         rw !x
eeprom           0x00810000         0x00010000         rw !x
fuse             0x00820000         0x00000400         rw !x
lock             0x00830000         0x00000400         rw !x
signature        0x00840000         0x00000400         rw !x
user_signatures  0x00850000         0x00000400         rw !x
*default*        0x00000000         0xffffffff

Linker script and memory map

LOAD c:/program files (x86)/atmel/atmel toolchain/avr8 gcc/native/3.4.1056/avr8-gnu-toolchain/bin/../lib/gcc/avr/4.8.1/../../../../avr/lib/avrxmega6/crtx256a3b.o
LOAD fingerprintlock.o
LOAD gfx_library/gfx_mono_c12832_a1z.o
LOAD gfx_library/gfx_mono_framebuffer.o
LOAD gfx_library/gfx_mono_generic.o
LOAD gfx_library/gfx_mono_text.o
LOAD gfx_library/st7565r.o
LOAD gfx_library/sysfont.o
START GROUP
LOAD c:/program files (x86)/atmel/atmel toolchain/avr8 gcc/native/3.4.1056/avr8-gnu-toolchain/bin/../lib/gcc/avr/4.8.1/../../../../avr/lib/avrxmega6\libm.a
END GROUP
START GROUP
LOAD c:/program files (x86)/atmel/atmel toolchain/avr8 gcc/native/3.4.1056/avr8-gnu-toolchain/bin/../lib/gcc/avr/4.8.1/avrxmega6\libgcc.a
LOAD c:/program files (x86)/atmel/atmel toolchain/avr8 gcc/native/3.4.1056/avr8-gnu-toolchain/bin/../lib/gcc/avr/4.8.1/../../../../avr/lib/avrxmega6\libm.a
LOAD c:/program files (x86)/atmel/atmel toolchain/avr8 gcc/native/3.4.1056/avr8-gnu-toolchain/bin/../lib/gcc/avr/4.8.1/../../../../avr/lib/avrxmega6\libc.a
END GROUP

.hash
 *(.hash)

.dynsym
 *(.dynsym)

.dynstr
 *(.dynstr)

.gnu.version
 *(.gnu.version)

.gnu.version_d
 *(.gnu.version_d)

.gnu.version_r
 *(.gnu.version_r)

.rel.init
 *(.rel.init)

.rela.init
 *(.rela.init)

.rel.text
 *(.rel.text)
 *(.rel.text.*)
 *(.rel.gnu.linkonce.t*)

.rela.text
 *(.rela.text)
 *(.rela.text.*)
 *(.rela.gnu.linkonce.t*)

.rel.fini
 *(.rel.fini)

.rela.fini
 *(.rela.fini)

.rel.rodata
 *(.rel.rodata)
 *(.rel.rodata.*)
 *(.rel.gnu.linkonce.r*)

.rela.rodata
 *(.rela.rodata)
 *(.rela.rodata.*)
 *(.rela.gnu.linkonce.r*)

.rel.data
 *(.rel.data)
 *(.rel.data.*)
 *(.rel.gnu.linkonce.d*)

.rela.data
 *(.rela.data)
 *(.rela.data.*)
 *(.rela.gnu.linkonce.d*)

.rel.ctors
 *(.rel.ctors)

.rela.ctors
 *(.rela.ctors)

.rel.dtors
 *(.rel.dtors)

.rela.dtors
 *(.rela.dtors)

.rel.got
 *(.rel.got)

.rela.got
 *(.rela.got)

.rel.bss
 *(.rel.bss)

.rela.bss
 *(.rela.bss)

.rel.plt
 *(.rel.plt)

.rela.plt
 *(.rela.plt)

.text           0x00000000     0x112c
 *(.vectors)
 .vectors       0x00000000      0x1e8 c:/program files (x86)/atmel/atmel toolchain/avr8 gcc/native/3.4.1056/avr8-gnu-toolchain/bin/../lib/gcc/avr/4.8.1/../../../../avr/lib/avrxmega6/crtx256a3b.o
                0x00000000                __vector_default
                0x00000000                __vectors
 *(.vectors)
 *(.progmem.gcc*)
                0x000001e8                . = ALIGN (0x2)
                0x000001e8                __trampolines_start = .
 *(.trampolines)
 .trampolines   0x000001e8        0x0 linker stubs
 *(.trampolines*)
                0x000001e8                __trampolines_end = .
 *(.progmem*)
 .progmem.data.sysfont_glyphs
                0x000001e8      0x292 gfx_library/sysfont.o
                0x0000047a                . = ALIGN (0x2)
 *(.jumptables)
 *(.jumptables*)
 *(.lowtext)
 *(.lowtext*)
                0x0000047a                __ctors_start = .
 *(.ctors)
                0x0000047a                __ctors_end = .
                0x0000047a                __dtors_start = .
 *(.dtors)
                0x0000047a                __dtors_end = .
 SORT(*)(.ctors)
 SORT(*)(.dtors)
 *(.init0)
 .init0         0x0000047a        0x0 c:/program files (x86)/atmel/atmel toolchain/avr8 gcc/native/3.4.1056/avr8-gnu-toolchain/bin/../lib/gcc/avr/4.8.1/../../../../avr/lib/avrxmega6/crtx256a3b.o
                0x0000047a                __init
 *(.init0)
 *(.init1)
 *(.init1)
 *(.init2)
 .init2         0x0000047a       0x10 c:/program files (x86)/atmel/atmel toolchain/avr8 gcc/native/3.4.1056/avr8-gnu-toolchain/bin/../lib/gcc/avr/4.8.1/../../../../avr/lib/avrxmega6/crtx256a3b.o
 *(.init2)
 *(.init3)
 *(.init3)
 *(.init4)
 .init4         0x0000048a       0x1a c:/program files (x86)/atmel/atmel toolchain/avr8 gcc/native/3.4.1056/avr8-gnu-toolchain/bin/../lib/gcc/avr/4.8.1/avrxmega6\libgcc.a(_copy_data.o)
                0x0000048a                __do_copy_data
 .init4         0x000004a4       0x10 c:/program files (x86)/atmel/atmel toolchain/avr8 gcc/native/3.4.1056/avr8-gnu-toolchain/bin/../lib/gcc/avr/4.8.1/avrxmega6\libgcc.a(_clear_bss.o)
                0x000004a4                __do_clear_bss
 *(.init4)
 *(.init5)
 *(.init5)
 *(.init6)
 *(.init6)
 *(.init7)
 *(.init7)
 *(.init8)
 *(.init8)
 *(.init9)
 .init9         0x000004b4        0x4 c:/program files (x86)/atmel/atmel toolchain/avr8 gcc/native/3.4.1056/avr8-gnu-toolchain/bin/../lib/gcc/avr/4.8.1/../../../../avr/lib/avrxmega6/crtx256a3b.o
 *(.init9)
 *(.text)
 .text          0x000004b8        0x2 c:/program files (x86)/atmel/atmel toolchain/avr8 gcc/native/3.4.1056/avr8-gnu-toolchain/bin/../lib/gcc/avr/4.8.1/../../../../avr/lib/avrxmega6/crtx256a3b.o
                0x000004b8                __vector_38
                0x000004b8                __vector_104
                0x000004b8                __vector_22
                0x000004b8                __vector_63
                0x000004b8                __vector_28
                0x000004b8                __vector_67
                0x000004b8                __vector_1
                0x000004b8                __vector_119
                0x000004b8                __vector_32
                0x000004b8                __vector_75
                0x000004b8                __vector_71
                0x000004b8                __vector_91
                0x000004b8                __vector_34
                0x000004b8                __vector_62
                0x000004b8                __vector_77
                0x000004b8                __vector_102
                0x000004b8                __vector_24
                0x000004b8                __vector_12
                0x000004b8                __vector_55
                0x000004b8                __vector_69
                0x000004b8                __vector_81
                0x000004b8                __vector_90
                0x000004b8                __vector_46
                0x000004b8                __bad_interrupt
                0x000004b8                __vector_72
                0x000004b8                __vector_114
                0x000004b8                __vector_6
                0x000004b8                __vector_110
                0x000004b8                __vector_31
                0x000004b8                __vector_92
                0x000004b8                __vector_35
                0x000004b8                __vector_78
                0x000004b8                __vector_74
                0x000004b8                __vector_117
                0x000004b8                __vector_39
                0x000004b8                __vector_107
                0x000004b8                __vector_3
                0x000004b8                __vector_105
                0x000004b8                __vector_98
                0x000004b8                __vector_23
                0x000004b8                __vector_68
                0x000004b8                __vector_30
                0x000004b8                __vector_73
                0x000004b8                __vector_45
                0x000004b8                __vector_25
                0x000004b8                __vector_93
                0x000004b8                __vector_61
                0x000004b8                __vector_11
                0x000004b8                __vector_54
                0x000004b8                __vector_99
                0x000004b8                __vector_13
                0x000004b8                __vector_17
                0x000004b8                __vector_19
                0x000004b8                __vector_56
                0x000004b8                __vector_7
                0x000004b8                __vector_49
                0x000004b8                __vector_41
                0x000004b8                __vector_86
                0x000004b8                __vector_100
                0x000004b8                __vector_101
                0x000004b8                __vector_64
                0x000004b8                __vector_88
                0x000004b8                __vector_109
                0x000004b8                __vector_43
                0x000004b8                __vector_27
                0x000004b8                __vector_5
                0x000004b8                __vector_113
                0x000004b8                __vector_33
                0x000004b8                __vector_76
                0x000004b8                __vector_115
                0x000004b8                __vector_47
                0x000004b8                __vector_52
                0x000004b8                __vector_37
                0x000004b8                __vector_95
                0x000004b8                __vector_103
                0x000004b8                __vector_96
                0x000004b8                __vector_89
                0x000004b8                __vector_108
                0x000004b8                __vector_4
                0x000004b8                __vector_44
                0x000004b8                __vector_82
                0x000004b8                __vector_106
                0x000004b8                __vector_118
                0x000004b8                __vector_51
                0x000004b8                __vector_9
                0x000004b8                __vector_2
                0x000004b8                __vector_21
                0x000004b8                __vector_15
                0x000004b8                __vector_66
                0x000004b8                __vector_36
                0x000004b8                __vector_79
                0x000004b8                __vector_58
                0x000004b8                __vector_70
                0x000004b8                __vector_83
                0x000004b8                __vector_29
                0x000004b8                __vector_60
                0x000004b8                __vector_121
                0x000004b8                __vector_40
                0x000004b8                __vector_85
                0x000004b8                __vector_94
                0x000004b8                __vector_8
                0x000004b8                __vector_26
                0x000004b8                __vector_48
                0x000004b8                __vector_116
                0x000004b8                __vector_112
                0x000004b8                __vector_111
                0x000004b8                __vector_80
                0x000004b8                __vector_14
                0x000004b8                __vector_84
                0x000004b8                __vector_57
                0x000004b8                __vector_53
                0x000004b8                __vector_10
                0x000004b8                __vector_50
                0x000004b8                __vector_16
                0x000004b8                __vector_59
                0x000004b8                __vector_18
                0x000004b8                __vector_97
                0x000004b8                __vector_20
                0x000004b8                __vector_42
                0x000004b8                __vector_87
                0x000004b8                __vector_65
                0x000004b8                __vector_120
                0x000004ba                . = ALIGN (0x2)
 *(.text.*)
 .text.uart_init
                0x000004ba       0x26 fingerprintlock.o
                0x000004ba                uart_init
 .text.send_char
                0x000004e0       0x22 fingerprintlock.o
                0x000004e0                send_char
 .text.receive_data
                0x00000502       0x10 fingerprintlock.o
                0x00000502                receive_data
 .text.convert  0x00000512       0x38 fingerprintlock.o
                0x00000512                convert
 .text.main     0x0000054a      0x474 fingerprintlock.o
                0x0000054a                main
 .text.gfx_mono_st7565r_put_byte
                0x000009be      0x11c gfx_library/gfx_mono_c12832_a1z.o
                0x000009be                gfx_mono_st7565r_put_byte
 .text.gfx_mono_st7565r_init
                0x00000ada       0x70 gfx_library/gfx_mono_c12832_a1z.o
                0x00000ada                gfx_mono_st7565r_init
 .text.gfx_mono_st7565r_draw_pixel
                0x00000b4a       0x7a gfx_library/gfx_mono_c12832_a1z.o
                0x00000b4a                gfx_mono_st7565r_draw_pixel
 .text.gfx_mono_st7565r_get_byte
                0x00000bc4        0x4 gfx_library/gfx_mono_c12832_a1z.o
                0x00000bc4                gfx_mono_st7565r_get_byte
 .text.gfx_mono_set_framebuffer
                0x00000bc8        0xa gfx_library/gfx_mono_framebuffer.o
                0x00000bc8                gfx_mono_set_framebuffer
 .text.gfx_mono_framebuffer_put_byte
                0x00000bd2       0x1e gfx_library/gfx_mono_framebuffer.o
                0x00000bd2                gfx_mono_framebuffer_put_byte
 .text.gfx_mono_framebuffer_get_byte
                0x00000bf0       0x1e gfx_library/gfx_mono_framebuffer.o
                0x00000bf0                gfx_mono_framebuffer_get_byte
 .text.gfx_mono_generic_draw_horizontal_line
                0x00000c0e       0xe0 gfx_library/gfx_mono_generic.o
                0x00000c0e                gfx_mono_generic_draw_horizontal_line
 .text.gfx_mono_generic_draw_filled_rect
                0x00000cee       0x36 gfx_library/gfx_mono_generic.o
                0x00000cee                gfx_mono_generic_draw_filled_rect
 .text.gfx_mono_draw_char
                0x00000d24       0xba gfx_library/gfx_mono_text.o
                0x00000d24                gfx_mono_draw_char
 .text.gfx_mono_draw_string
                0x00000dde       0x52 gfx_library/gfx_mono_text.o
                0x00000dde                gfx_mono_draw_string
 .text.st7565r_init
                0x00000e30      0x2f8 gfx_library/st7565r.o
                0x00000e30                st7565r_init
                0x00001128                . = ALIGN (0x2)
 *(.fini9)
 .fini9         0x00001128        0x0 c:/program files (x86)/atmel/atmel toolchain/avr8 gcc/native/3.4.1056/avr8-gnu-toolchain/bin/../lib/gcc/avr/4.8.1/avrxmega6\libgcc.a(_exit.o)
                0x00001128                _exit
                0x00001128                exit
 *(.fini9)
 *(.fini8)
 *(.fini8)
 *(.fini7)
 *(.fini7)
 *(.fini6)
 *(.fini6)
 *(.fini5)
 *(.fini5)
 *(.fini4)
 *(.fini4)
 *(.fini3)
 *(.fini3)
 *(.fini2)
 *(.fini2)
 *(.fini1)
 *(.fini1)
 *(.fini0)
 .fini0         0x00001128        0x4 c:/program files (x86)/atmel/atmel toolchain/avr8 gcc/native/3.4.1056/avr8-gnu-toolchain/bin/../lib/gcc/avr/4.8.1/avrxmega6\libgcc.a(_exit.o)
 *(.fini0)
                0x0000112c                _etext = .

.data           0x00802000       0xfa load address 0x0000112c
                0x00802000                PROVIDE (__data_start, .)
 *(.data)
 .data          0x00802000        0x0 c:/program files (x86)/atmel/atmel toolchain/avr8 gcc/native/3.4.1056/avr8-gnu-toolchain/bin/../lib/gcc/avr/4.8.1/../../../../avr/lib/avrxmega6/crtx256a3b.o
 .data          0x00802000        0x0 fingerprintlock.o
 .data          0x00802000        0x0 gfx_library/gfx_mono_c12832_a1z.o
 .data          0x00802000        0x0 gfx_library/gfx_mono_framebuffer.o
 .data          0x00802000        0x0 gfx_library/gfx_mono_generic.o
 .data          0x00802000        0x0 gfx_library/gfx_mono_text.o
 .data          0x00802000        0x0 gfx_library/st7565r.o
 .data          0x00802000        0x0 gfx_library/sysfont.o
 .data          0x00802000        0x0 c:/program files (x86)/atmel/atmel toolchain/avr8 gcc/native/3.4.1056/avr8-gnu-toolchain/bin/../lib/gcc/avr/4.8.1/avrxmega6\libgcc.a(_exit.o)
 .data          0x00802000        0x0 c:/program files (x86)/atmel/atmel toolchain/avr8 gcc/native/3.4.1056/avr8-gnu-toolchain/bin/../lib/gcc/avr/4.8.1/avrxmega6\libgcc.a(_copy_data.o)
 .data          0x00802000        0x0 c:/program files (x86)/atmel/atmel toolchain/avr8 gcc/native/3.4.1056/avr8-gnu-toolchain/bin/../lib/gcc/avr/4.8.1/avrxmega6\libgcc.a(_clear_bss.o)
 *(.data*)
 .data.store    0x00802000        0xf fingerprintlock.o
                0x00802000                store
 .data.generate_ch
                0x0080200f        0xd fingerprintlock.o
                0x0080200f                generate_ch
 .data.enroll   0x0080201c        0xc fingerprintlock.o
                0x0080201c                enroll
 .data.sysfont  0x00802028        0x7 gfx_library/sysfont.o
                0x00802028                sysfont
 *(.rodata)
 *(.rodata*)
 .rodata.str1.1
                0x0080202f       0xca fingerprintlock.o
 *(.gnu.linkonce.d*)
                0x008020fa                . = ALIGN (0x2)
 *fill*         0x008020f9        0x1 
                0x008020fa                _edata = .
                0x008020fa                PROVIDE (__data_end, .)

.bss            0x008020fa      0x22d
                0x008020fa                PROVIDE (__bss_start, .)
 *(.bss)
 *(.bss*)
 .bss.enroll_check
                0x008020fa        0x1 fingerprintlock.o
                0x008020fa                enroll_check
 .bss.count     0x008020fb        0x1 fingerprintlock.o
                0x008020fb                count
 .bss.check     0x008020fc        0x1 fingerprintlock.o
                0x008020fc                check
 .bss.part_D    0x008020fd        0x1 fingerprintlock.o
                0x008020fd                part_D
 .bss.part_C    0x008020fe        0x1 fingerprintlock.o
                0x008020fe                part_C
 .bss.part_B    0x008020ff        0x1 fingerprintlock.o
                0x008020ff                part_B
 .bss.part_A    0x00802100        0x1 fingerprintlock.o
                0x00802100                part_A
 .bss.n         0x00802101        0x1 fingerprintlock.o
                0x00802101                n
 .bss.id        0x00802102        0x1 fingerprintlock.o
                0x00802102                id
 .bss.i2        0x00802103        0x1 fingerprintlock.o
                0x00802103                i2
 .bss.i1        0x00802104        0x1 fingerprintlock.o
                0x00802104                i1
 .bss.b2        0x00802105        0x1 fingerprintlock.o
                0x00802105                b2
 .bss.b1        0x00802106        0x1 fingerprintlock.o
                0x00802106                b1
 .bss.i         0x00802107        0x1 fingerprintlock.o
                0x00802107                i
 .bss.framebuffer
                0x00802108      0x200 gfx_library/gfx_mono_c12832_a1z.o
 .bss.fbpointer
                0x00802308        0x2 gfx_library/gfx_mono_framebuffer.o
 *(COMMON)
 COMMON         0x0080230a       0x1d fingerprintlock.o
                0x0080230a                fp
                0x0080231e                temp
                0x0080231f                aa
                0x00802320                dummy
                0x00802321                en_byte
                0x00802322                str
                0x00802326                rec
                0x00802327                PROVIDE (__bss_end, .)
                0x0000112c                __data_load_start = LOADADDR (.data)
                0x00001226                __data_load_end = (__data_load_start + SIZEOF (.data))

.noinit         0x00802327        0x0
                0x00802327                PROVIDE (__noinit_start, .)
 *(.noinit*)
                0x00802327                PROVIDE (__noinit_end, .)
                0x00802327                _end = .
                0x00802327                PROVIDE (__heap_start, .)

.eeprom         0x00810000        0x0
 *(.eeprom*)
                0x00810000                __eeprom_end = .

.fuse
 *(.fuse)
 *(.lfuse)
 *(.hfuse)
 *(.efuse)

.lock
 *(.lock*)

.signature
 *(.signature*)

.user_signatures
 *(.user_signatures*)

.stab
 *(.stab)

.stabstr
 *(.stabstr)

.stab.excl
 *(.stab.excl)

.stab.exclstr
 *(.stab.exclstr)

.stab.index
 *(.stab.index)

.stab.indexstr
 *(.stab.indexstr)

.comment        0x00000000       0x30
 *(.comment)
 .comment       0x00000000       0x30 fingerprintlock.o
                                 0x31 (size before relaxing)
 .comment       0x00000000       0x31 gfx_library/gfx_mono_c12832_a1z.o
 .comment       0x00000000       0x31 gfx_library/gfx_mono_framebuffer.o
 .comment       0x00000000       0x31 gfx_library/gfx_mono_generic.o
 .comment       0x00000000       0x31 gfx_library/gfx_mono_text.o
 .comment       0x00000000       0x31 gfx_library/st7565r.o
 .comment       0x00000000       0x31 gfx_library/sysfont.o

.note.gnu.build-id
 *(.note.gnu.build-id)

.debug
 *(.debug)

.line
 *(.line)

.debug_srcinfo
 *(.debug_srcinfo)

.debug_sfnames
 *(.debug_sfnames)

.debug_aranges  0x00000000      0x1e0
 *(.debug_aranges)
 .debug_aranges
                0x00000000       0x58 fingerprintlock.o
 .debug_aranges
                0x00000058       0x60 gfx_library/gfx_mono_c12832_a1z.o
 .debug_aranges
                0x000000b8       0x58 gfx_library/gfx_mono_framebuffer.o
 .debug_aranges
                0x00000110       0x58 gfx_library/gfx_mono_generic.o
 .debug_aranges
                0x00000168       0x40 gfx_library/gfx_mono_text.o
 .debug_aranges
                0x000001a8       0x20 gfx_library/st7565r.o
 .debug_aranges
                0x000001c8       0x18 gfx_library/sysfont.o

.debug_pubnames
 *(.debug_pubnames)

.debug_info     0x00000000     0x362a
 *(.debug_info .gnu.linkonce.wi.*)
 .debug_info    0x00000000      0xd5a fingerprintlock.o
 .debug_info    0x00000d5a      0xadf gfx_library/gfx_mono_c12832_a1z.o
 .debug_info    0x00001839      0x43c gfx_library/gfx_mono_framebuffer.o
 .debug_info    0x00001c75      0xbfc gfx_library/gfx_mono_generic.o
 .debug_info    0x00002871      0x6eb gfx_library/gfx_mono_text.o
 .debug_info    0x00002f5c      0x583 gfx_library/st7565r.o
 .debug_info    0x000034df      0x14b gfx_library/sysfont.o

.debug_abbrev   0x00000000      0xde8
 *(.debug_abbrev)
 .debug_abbrev  0x00000000      0x2c3 fingerprintlock.o
 .debug_abbrev  0x000002c3      0x2ed gfx_library/gfx_mono_c12832_a1z.o
 .debug_abbrev  0x000005b0      0x187 gfx_library/gfx_mono_framebuffer.o
 .debug_abbrev  0x00000737      0x1d9 gfx_library/gfx_mono_generic.o
 .debug_abbrev  0x00000910      0x250 gfx_library/gfx_mono_text.o
 .debug_abbrev  0x00000b60      0x1bc gfx_library/st7565r.o
 .debug_abbrev  0x00000d1c       0xcc gfx_library/sysfont.o

.debug_line     0x00000000     0x1d15
 *(.debug_line .debug_line.* .debug_line_end)
 .debug_line    0x00000000      0x691 fingerprintlock.o
 .debug_line    0x00000691      0x636 gfx_library/gfx_mono_c12832_a1z.o
 .debug_line    0x00000cc7      0x293 gfx_library/gfx_mono_framebuffer.o
 .debug_line    0x00000f5a      0x594 gfx_library/gfx_mono_generic.o
 .debug_line    0x000014ee      0x333 gfx_library/gfx_mono_text.o
 .debug_line    0x00001821      0x42d gfx_library/st7565r.o
 .debug_line    0x00001c4e       0xc7 gfx_library/sysfont.o

.debug_frame    0x00000000      0x5fc
 *(.debug_frame)
 .debug_frame   0x00000000       0xa0 fingerprintlock.o
 .debug_frame   0x000000a0      0x154 gfx_library/gfx_mono_c12832_a1z.o
 .debug_frame   0x000001f4       0xd0 gfx_library/gfx_mono_framebuffer.o
 .debug_frame   0x000002c4      0x21c gfx_library/gfx_mono_generic.o
 .debug_frame   0x000004e0       0xec gfx_library/gfx_mono_text.o
 .debug_frame   0x000005cc       0x30 gfx_library/st7565r.o

.debug_str      0x00000000      0xc61
 *(.debug_str)
 .debug_str     0x00000000      0x369 fingerprintlock.o
                                0x3d2 (size before relaxing)
 .debug_str     0x00000369      0x3a4 gfx_library/gfx_mono_c12832_a1z.o
                                0x571 (size before relaxing)
 .debug_str     0x0000070d       0xa5 gfx_library/gfx_mono_framebuffer.o
                                0x360 (size before relaxing)
 .debug_str     0x000007b2      0x220 gfx_library/gfx_mono_generic.o
                                0x4ac (size before relaxing)
 .debug_str     0x000009d2      0x15e gfx_library/gfx_mono_text.o
                                0x3e0 (size before relaxing)
 .debug_str     0x00000b30      0x109 gfx_library/st7565r.o
                                0x40c (size before relaxing)
 .debug_str     0x00000c39       0x28 gfx_library/sysfont.o
                                0x1e9 (size before relaxing)

.debug_loc      0x00000000     0x2e38
 *(.debug_loc)
 .debug_loc     0x00000000      0x43c fingerprintlock.o
 .debug_loc     0x0000043c      0xa3a gfx_library/gfx_mono_c12832_a1z.o
 .debug_loc     0x00000e76      0x592 gfx_library/gfx_mono_framebuffer.o
 .debug_loc     0x00001408     0x10aa gfx_library/gfx_mono_generic.o
 .debug_loc     0x000024b2      0x957 gfx_library/gfx_mono_text.o
 .debug_loc     0x00002e09       0x2f gfx_library/st7565r.o

.debug_macinfo
 *(.debug_macinfo)

.debug_weaknames
 *(.debug_weaknames)

.debug_funcnames
 *(.debug_funcnames)

.debug_typenames
 *(.debug_typenames)

.debug_varnames
 *(.debug_varnames)

.debug_pubtypes
 *(.debug_pubtypes)

.debug_ranges   0x00000000      0x1e0
 *(.debug_ranges)
 .debug_ranges  0x00000000       0x48 fingerprintlock.o
 .debug_ranges  0x00000048       0xc8 gfx_library/gfx_mono_c12832_a1z.o
 .debug_ranges  0x00000110       0x48 gfx_library/gfx_mono_framebuffer.o
 .debug_ranges  0x00000158       0x48 gfx_library/gfx_mono_generic.o
 .debug_ranges  0x000001a0       0x30 gfx_library/gfx_mono_text.o
 .debug_ranges  0x000001d0       0x10 gfx_library/st7565r.o

.debug_macro
 *(.debug_macro)
OUTPUT(fingerprintlock.elf elf32-avr)
LOAD linker stubs
